

  colabProxyWebSocket
    constructor
      Γ£ö adds Colab headers to WebSocket with no protocols or options
      Γ£ö adds Colab headers to WebSocket with options only
      Γ£ö adds Colab headers to WebSocket with single protocol only
      Γ£ö adds Colab headers to WebSocket with protocols only
      Γ£ö adds Colab headers to WebSocket with single protocol and options
      Γ£ö adds Colab headers to WebSocket with protocols and options
    send
      Γ£ö shows warning notification when drive.mount() is executed
      Γ£ö presents an action to view workaround when drive.mount() is executed
      Γ£ö presents an action to view issue when drive.mount() is executed
      Γ£ö does not show warning notification if not an execute_request
      Γ£ö does not show warning notification if not executing drive.mount()
      Γ£ö does not show warning notification if message is empty
      Γ£ö does not show warning notification if message is not Jupyter message format
      Γ£ö does not show warning notification if message is malformed
      Γ£ö does not show warning notification if data is ArrayBuffer
      Γ£ö does not show warning notification if driveMounting is enabled
    message event
      Γ£ö triggers handleDriveFsAuth and sends a reply if message is a dfs_ephemeral colab_request
      Γ£ö sends an error reply if handleDriveFsAuth throws an error
      Γ£ö does not trigger handleDriveFsAuth if message is not a colab_request
      Γ£ö does not trigger handleDriveFsAuth if message is not dfs_ephemeral
      Γ£ö does not trigger handleDriveFsAuth if message is empty
      Γ£ö does not trigger handleDriveFsAuth if message is malformed
      Γ£ö does not trigger handleDriveFsAuth if message data is ArrayBuffer
      Γ£ö does not trigger handleDriveFsAuth if message data is binary
      Γ£ö does not trigger handleDriveFsAuth if driveMounting is disabled
    dispose
      Γ£ö disposes the config change listener
      Γ£ö removes the message event listener
      Γ£ö blocks send after disposed
    on
      1) intercepts auth input_request and shows UI
      2) sends input_reply with code after user input
      3) does not intercept other messages


  28 passing (475ms)
  3 failing

  1) colabProxyWebSocket
       on
         intercepts auth input_request and shows UI:
     ReferenceError: testToken is not defined
      at Context.<anonymous> (src\jupyter\colab-proxy-web-socket.unit.test.ts:606:9)
      at processImmediate (node:internal/timers:504:21)

  2) colabProxyWebSocket
       on
         sends input_reply with code after user input:
     ReferenceError: testToken is not defined
      at Context.<anonymous> (src\jupyter\colab-proxy-web-socket.unit.test.ts:634:9)
      at processImmediate (node:internal/timers:504:21)

  3) colabProxyWebSocket
       on
         does not intercept other messages:
     ReferenceError: testToken is not defined
      at Context.<anonymous> (src\jupyter\colab-proxy-web-socket.unit.test.ts:665:9)
      at processImmediate (node:internal/timers:504:21)



